#
# There is insufficient memory for the Java Runtime Environment to continue.
# Native memory allocation (mmap) failed to map 264241152 bytes for G1 virtual space
# Possible reasons:
#   The system is out of physical RAM or swap space
#   The process is running with CompressedOops enabled, and the Java Heap may be blocking the growth of the native heap
# Possible solutions:
#   Reduce memory load on the system
#   Increase physical memory or swap space
#   Check if swap backing store is full
#   Decrease Java heap size (-Xmx/-Xms)
#   Decrease number of Java threads
#   Decrease Java thread stack sizes (-Xss)
#   Set larger code cache with -XX:ReservedCodeCacheSize=
#   JVM is running with Zero Based Compressed Oops mode in which the Java heap is
#     placed in the first 32GB address space. The Java Heap base address is the
#     maximum limit for the native heap growth. Please use -XX:HeapBaseMinAddress
#     to set the Java Heap base and to place the Java Heap above 32GB virtual address.
# This output file may be truncated or incomplete.
#
#  Out of Memory Error (os_windows.cpp:3771), pid=19928, tid=17960
#
# JRE version:  (17.0.7) (build )
# Java VM: OpenJDK 64-Bit Server VM (17.0.7+0-b2043.56-10550314, mixed mode, sharing, tiered, compressed oops, compressed class ptrs, g1 gc, windows-amd64)
# No core dump will be written. Minidumps are not enabled by default on client versions of Windows
#

---------------  S U M M A R Y ------------

Command Line: git4idea.http.GitAskPassApp Username for 'https://github.com': 

Host: 11th Gen Intel(R) Core(TM) i5-1135G7 @ 2.40GHz, 8 cores, 15G,  Windows 11 , 64 bit Build 22621 (10.0.22621.3235)
Time: Tue Apr  9 17:46:03 2024 SE Asia Standard Time elapsed time: 0.007827 seconds (0d 0h 0m 0s)

---------------  T H R E A D  ---------------

Current thread (0x000002fa1f3f0080):  JavaThread "Unknown thread" [_thread_in_vm, id=17960, stack(0x000000fd4dc00000,0x000000fd4dd00000)]

Stack: [0x000000fd4dc00000,0x000000fd4dd00000]
Native frames: (J=compiled Java code, j=interpreted, Vv=VM code, C=native code)
V  [jvm.dll+0x683bfa]
V  [jvm.dll+0x8430a4]
V  [jvm.dll+0x8449be]
V  [jvm.dll+0x845023]
V  [jvm.dll+0x24ad2f]
V  [jvm.dll+0x680ac9]
V  [jvm.dll+0x67519a]
V  [jvm.dll+0x30b3cb]
V  [jvm.dll+0x312876]
V  [jvm.dll+0x36221e]
V  [jvm.dll+0x36244f]
V  [jvm.dll+0x2e14a8]
V  [jvm.dll+0x2e2414]
V  [jvm.dll+0x814391]
V  [jvm.dll+0x36ffe1]
V  [jvm.dll+0x7f396c]
V  [jvm.dll+0x3f305f]
V  [jvm.dll+0x3f4b91]
C  [jli.dll+0x528f]
C  [ucrtbase.dll+0x29363]
C  [KERNEL32.DLL+0x1257d]
C  [ntdll.dll+0x5aa58]


---------------  P R O C E S S  ---------------

Threads class SMR info:
_java_thread_list=0x00007ffe5883d098, length=0, elements={
}

Java Threads: ( => current thread )

Other Threads:
  0x000002fa1f45c240 GCTaskThread "GC Thread#0" [stack: 0x000000fd4dd00000,0x000000fd4de00000] [id=12816]
  0x000002fa1f46cc50 ConcurrentGCThread "G1 Main Marker" [stack: 0x000000fd4de00000,0x000000fd4df00000] [id=1812]
  0x000002fa1f46d570 ConcurrentGCThread "G1 Conc#0" [stack: 0x000000fd4df00000,0x000000fd4e000000] [id=19276]

[error occurred during error reporting (printing all threads), id 0xc0000005, EXCEPTION_ACCESS_VIOLATION (0xc0000005) at pc=0x00007ffe57ff2087]

VM state: not at safepoint (not fully initialized)

VM Mutex/Monitor currently owned by a thread:  ([mutex/lock_event])
[0x000002fa1f3eba50] Heap_lock - owner thread: 0x000002fa1f3f0080

Heap address: 0x0000000704400000, size: 4028 MB, Compressed Oops mode: Zero based, Oop shift amount: 3

CDS archive(s) mapped at: [0x0000000000000000-0x0000000000000000-0x0000000000000000), size 0, SharedBaseAddress: 0x0000000800000000, ArchiveRelocationMode: 0.
Narrow klass base: 0x0000000000000000, Narrow klass shift: 0, Narrow klass range: 0x0

GC Precious Log:
<Empty>

Heap:
 garbage-first heap   total 0K, used 0K [0x0000000704400000, 0x0000000800000000)
  region size 2048K, 0 young (0K), 0 survivors (0K)
 Metaspace       used 0K, committed 0K, reserved 0K
  class space    used 0K, committed 0K, reserved 0K

Heap Regions: E=young(eden), S=young(survivor), O=old, HS=humongous(starts), HC=humongous(continues), CS=collection set, F=free, OA=open archive, CA=closed archive, TAMS=top-at-mark-start (previous, next)

Card table byte_map: [0x000002fa323d0000,0x000002fa32bb0000] _byte_map_base: 0x000002fa2ebae000

Marking Bits (Prev, Next): (CMBitMap*) 0x000002fa1f45c760, (CMBitMap*) 0x000002fa1f45c7a0
 Prev Bits: [0x000002fa33390000, 0x000002fa37280000)
 Next Bits: [0x000002fa37280000, 0x000002fa3b170000)

GC Heap History (0 events):
No events

Dll operation events (1 events):
Event: 0.005 Loaded shared library C:\Program Files\Android\Android Studio\jbr\bin\java.dll

Deoptimization events (0 events):
No events

Classes unloaded (0 events):
No events

Classes redefined (0 events):
No events

Internal exceptions (0 events):
No events

VM Operations (0 events):
No events

Events (0 events):
No events


Dynamic libraries:
0x00007ff794bc0000 - 0x00007ff794bca000 	C:\Program Files\Android\Android Studio\jbr\bin\java.exe
0x00007ffed3710000 - 0x00007ffed3926000 	C:\WINDOWS\SYSTEM32\ntdll.dll
0x00007ffed1530000 - 0x00007ffed15f4000 	C:\WINDOWS\System32\KERNEL32.DLL
0x00007ffed1040000 - 0x00007ffed13e6000 	C:\WINDOWS\System32\KERNELBASE.dll
0x00007ffed0ef0000 - 0x00007ffed1001000 	C:\WINDOWS\System32\ucrtbase.dll
0x00007ffe8b2b0000 - 0x00007ffe8b2c7000 	C:\Program Files\Android\Android Studio\jbr\bin\jli.dll
0x00007ffeca700000 - 0x00007ffeca71b000 	C:\Program Files\Android\Android Studio\jbr\bin\VCRUNTIME140.dll
0x00007ffed1ce0000 - 0x00007ffed1e8d000 	C:\WINDOWS\System32\USER32.dll
0x00007ffed1010000 - 0x00007ffed1036000 	C:\WINDOWS\System32\win32u.dll
0x00007ffeb6770000 - 0x00007ffeb6a03000 	C:\WINDOWS\WinSxS\amd64_microsoft.windows.common-controls_6595b64144ccf1df_6.0.22621.3235_none_270f74e173860f98\COMCTL32.dll
0x00007ffed14e0000 - 0x00007ffed1509000 	C:\WINDOWS\System32\GDI32.dll
0x00007ffed0d30000 - 0x00007ffed0e48000 	C:\WINDOWS\System32\gdi32full.dll
0x00007ffed1790000 - 0x00007ffed1837000 	C:\WINDOWS\System32\msvcrt.dll
0x00007ffed0e50000 - 0x00007ffed0eea000 	C:\WINDOWS\System32\msvcp_win.dll
0x00007ffed2d70000 - 0x00007ffed2da1000 	C:\WINDOWS\System32\IMM32.DLL
0x00007ffeca6f0000 - 0x00007ffeca6fc000 	C:\Program Files\Android\Android Studio\jbr\bin\vcruntime140_1.dll
0x00007ffe86a30000 - 0x00007ffe86abd000 	C:\Program Files\Android\Android Studio\jbr\bin\msvcp140.dll
0x00007ffe57d00000 - 0x00007ffe58980000 	C:\Program Files\Android\Android Studio\jbr\bin\server\jvm.dll
0x00007ffed2b70000 - 0x00007ffed2c22000 	C:\WINDOWS\System32\ADVAPI32.dll
0x00007ffed2c40000 - 0x00007ffed2ce8000 	C:\WINDOWS\System32\sechost.dll
0x00007ffed0d00000 - 0x00007ffed0d28000 	C:\WINDOWS\System32\bcrypt.dll
0x00007ffed1670000 - 0x00007ffed1785000 	C:\WINDOWS\System32\RPCRT4.dll
0x00007ffec9210000 - 0x00007ffec9244000 	C:\WINDOWS\SYSTEM32\WINMM.dll
0x00007ffec8970000 - 0x00007ffec897a000 	C:\WINDOWS\SYSTEM32\VERSION.dll
0x00007ffeb32f0000 - 0x00007ffeb32f9000 	C:\WINDOWS\SYSTEM32\WSOCK32.dll
0x00007ffed2cf0000 - 0x00007ffed2d61000 	C:\WINDOWS\System32\WS2_32.dll
0x00007ffecfb80000 - 0x00007ffecfb98000 	C:\WINDOWS\SYSTEM32\kernel.appcore.dll
0x00007ffeb9f40000 - 0x00007ffeb9f4a000 	C:\Program Files\Android\Android Studio\jbr\bin\jimage.dll
0x00007ffece480000 - 0x00007ffece6b3000 	C:\WINDOWS\SYSTEM32\DBGHELP.DLL
0x00007ffed2ea0000 - 0x00007ffed3228000 	C:\WINDOWS\System32\combase.dll
0x00007ffed1c00000 - 0x00007ffed1cd7000 	C:\WINDOWS\System32\OLEAUT32.dll
0x00007ffeb11f0000 - 0x00007ffeb1222000 	C:\WINDOWS\SYSTEM32\dbgcore.DLL
0x00007ffed0bc0000 - 0x00007ffed0c3a000 	C:\WINDOWS\System32\bcryptPrimitives.dll
0x00007ffe8e460000 - 0x00007ffe8e485000 	C:\Program Files\Android\Android Studio\jbr\bin\java.dll

dbghelp: loaded successfully - version: 4.0.5 - missing functions: none
symbol engine: initialized successfully - sym options: 0x614 - pdb path: .;C:\Program Files\Android\Android Studio\jbr\bin;C:\WINDOWS\SYSTEM32;C:\WINDOWS\WinSxS\amd64_microsoft.windows.common-controls_6595b64144ccf1df_6.0.22621.3235_none_270f74e173860f98;C:\Program Files\Android\Android Studio\jbr\bin\server

VM Arguments:
java_command: git4idea.http.GitAskPassApp Username for 'https://github.com': 
java_class_path (initial): C:/Program Files/Android/Android Studio/plugins/vcs-git/lib/git4idea-rt.jar;C:/Program Files/Android/Android Studio/lib/externalProcess-rt.jar
Launcher Type: SUN_STANDARD

[Global flags]
     intx CICompilerCount                          = 4                                         {product} {ergonomic}
     uint ConcGCThreads                            = 2                                         {product} {ergonomic}
     uint G1ConcRefinementThreads                  = 8                                         {product} {ergonomic}
   size_t G1HeapRegionSize                         = 2097152                                   {product} {ergonomic}
    uintx GCDrainStackTargetSize                   = 64                                        {product} {ergonomic}
   size_t InitialHeapSize                          = 264241152                                 {product} {ergonomic}
   size_t MarkStackSize                            = 4194304                                   {product} {ergonomic}
   size_t MaxHeapSize                              = 4223664128                                {product} {ergonomic}
   size_t MinHeapDeltaBytes                        = 2097152                                   {product} {ergonomic}
   size_t MinHeapSize                              = 8388608                                   {product} {ergonomic}
    uintx NonNMethodCodeHeapSize                   = 5839372                                {pd product} {ergonomic}
    uintx NonProfiledCodeHeapSize                  = 122909434                              {pd product} {ergonomic}
    uintx ProfiledCodeHeapSize                     = 122909434                              {pd product} {ergonomic}
    uintx ReservedCodeCacheSize                    = 251658240                              {pd product} {ergonomic}
     bool SegmentedCodeCache                       = true                                      {product} {ergonomic}
   size_t SoftMaxHeapSize                          = 4223664128                             {manageable} {ergonomic}
     bool UseCompressedClassPointers               = true                           {product lp64_product} {ergonomic}
     bool UseCompressedOops                        = true                           {product lp64_product} {ergonomic}
     bool UseG1GC                                  = true                                      {product} {ergonomic}
     bool UseLargePagesIndividualAllocation        = false                                  {pd product} {ergonomic}

Logging:
Log output configuration:
 #0: stdout all=warning uptime,level,tags
 #1: stderr all=off uptime,level,tags

Environment Variables:
JAVA_HOME=C:\Program Files\Java\jdk-21
CLASSPATH=C:\Program Files\Java\jdk-21\lib
PATH=C:/Program Files/Git/mingw64/libexec/git-core;C:/Program Files/Git/mingw64/libexec/git-core;C:\Program Files\Git\mingw64\bin;C:\Program Files\Git\usr\bin;C:\Users\minhm\bin;"C:\Program Files\Java\jdk-21\bin;";C:\Program Files\Common Files\Oracle\Java\javapath;C:\Program Files\Microsoft\jdk-11.0.16.101-hotspot\bin;C:\WINDOWS\system32;C:\WINDOWS;C:\WINDOWS\System32\Wbem;C:\WINDOWS\System32\WindowsPowerShell\v1.0\;C:\WINDOWS\System32\OpenSSH\;C:\Program Files\Microsoft SQL Server\150\Tools\Binn\;C:\Program Files\Microsoft SQL Server\Client SDK\ODBC\170\Tools\Binn\;C:\Program Files (x86)\Microsoft SQL Server\160\Tools\Binn\;C:\Program Files\Microsoft SQL Server\160\Tools\Binn\;C:\Program Files\Microsoft SQL Server\160\DTS\Binn\;C:\Program Files (x86)\Microsoft SQL Server\160\DTS\Binn\;C:\Program Files\Azure Data Studio\bin;C:\MinGW\bin;C:\Program Files\Git\cmd;C:\Program Files\Java\jdk-21\bin;D:\VScode\Microsoft VS Code\bin
USERNAME=minhm
DISPLAY=:0.0
LC_ALL=en_US.UTF-8
TERM=xterm-256color
TMPDIR=C:\Users\minhm\AppData\Local\Temp
OS=Windows_NT
PROCESSOR_IDENTIFIER=Intel64 Family 6 Model 140 Stepping 1, GenuineIntel
TMP=C:\Users\minhm\AppData\Local\Temp
TEMP=C:\Users\minhm\AppData\Local\Temp


JNI global refs:
JNI global refs: 0, weak refs: 0

JNI global refs memory usage: 0, weak refs: 0

OOME stack traces (most recent first):
Classloader memory used:


---------------  S Y S T E M  ---------------

OS:
 Windows 11 , 64 bit Build 22621 (10.0.22621.3235)
OS uptime: 0 days 17:25 hours

CPU: total 8 (initial active 8) (4 cores per cpu, 2 threads per core) family 6 model 140 stepping 1 microcode 0xb4, cx8, cmov, fxsr, ht, mmx, 3dnowpref, sse, sse2, sse3, ssse3, sse4.1, sse4.2, popcnt, lzcnt, tsc, tscinvbit, avx, avx2, aes, erms, clmul, bmi1, bmi2, adx, avx512f, avx512dq, avx512cd, avx512bw, avx512vl, sha, fma, vzeroupper, avx512_vpopcntdq, avx512_vpclmulqdq, avx512_vaes, avx512_vnni, clflush, clflushopt, clwb, avx512_vbmi2, avx512_vbmi

Memory: 4k page, system-wide physical 16106M (2041M free)
TotalPageFile size 19106M (AvailPageFile size 155M)
current process WorkingSet (physical memory assigned to process): 11M, peak: 11M
current process commit charge ("private bytes"): 60M, peak: 312M

vm_info: OpenJDK 64-Bit Server VM (17.0.7+0-b2043.56-10550314) for windows-amd64 JRE (17.0.7+0-b2043.56-10550314), built on Jul 24 2023 18:27:45 by "androidbuild" with MS VC++ 16.10 / 16.11 (VS2019)

END.
